
> qa-dashboard@0.1.0 dev
> next dev

▲ Next.js 16.2.10 (Turbopack)
- Local:         http://localhost:3000
- Network:       http://192.168.1.10:3000
- Environments: .env.local
✓ Ready in 1099ms
⚠ Warning: Next.js inferred your workspace root, but it may not be correct.
 We detected multiple lockfiles and selected the directory of C:\WebsiteSoft\Ai-Website-Qa-Engineer\package-lock.json as the root directory.
 To silence this warning, set `turbopack.root` in your Next.js config, or consider removing one of the lockfiles if it's not needed.
   See https://nextjs.org/docs/app/api-reference/config/next-config-js/turbopack#root-directory for more information.
 Detected additional lockfiles: 
   * C:\WebsiteSoft\Ai-Website-Qa-Engineer\frontend\package-lock.json


 GET / 200 in 2.4s (next.js: 1483ms, application-code: 875ms)
 GET / 200 in 82ms (next.js: 8ms, application-code: 74ms)
[browser] A tree hydrated but some attributes of the server rendered HTML didn't match the client properties. This won't be patched up. This can happen if a SSR-ed Client Component used:

- A server/client branch `if (typeof window !== 'undefined')`.
- Variable input such as `Date.now()` or `Math.random()` which changes each time it's called.
- Date formatting in a user's locale which doesn't match the server.
- External changing data without sending a snapshot of it along with the HTML.
- Invalid HTML tag nesting.

It can also happen if the client has a browser extension installed which messes with the HTML before React loaded.

https://react.dev/link/hydration-mismatch

  ...
    <HTTPAccessFallbackBoundary notFound={{...}} forbidden={undefined} unauthorized={undefined}>
      <HTTPAccessFallbackErrorBoundary pathname="/" notFound={{...}} forbidden={undefined} unauthorized={undefined} ...>
        <RedirectBoundary>
          <RedirectErrorBoundary router={{...}}>
            <InnerLayoutRouter url="/" tree={[...]} params={{}} cacheNode={{rsc:{...}, ...}} segmentPath={[...]} ...>
              <SegmentViewNode type="page" pagePath="page.tsx">
                <SegmentTrieNode>
                <ClientPageRoot Component={function DashboardPage} serverProvidedParams={{...}}>
                  <DashboardPage params={Promise} searchParams={Promise}>
                    <div className="w-full h-a...">
                      <Layout currentUser="Rajat" activeTab="Dashboard" setActiveTab={function bound dispatchSetState}>
                        <div className="h-app-shel...">
                          <AquaScene>
                          <NightScene>
                          <AnimatePresence>
                          <aside className="w-64 h-ful..." style={undefined}>
                            <div>
                            <nav className="flex-1 px-...">
                              <button
                                onClick={function onClick}
                                className="w-full flex items-center gap-3 px-4 py-3 rounded-xl font-medium transition-..."
-                               fdprocessedid="jc8vb"
                              >
                              <button
                                onClick={function onClick}
                                className="w-full flex items-center gap-3 px-4 py-3 rounded-xl font-medium transition-..."
-                               fdprocessedid="h3ppn3"
                              >
                              <button
                                onClick={function onClick}
                                className="w-full flex items-center gap-3 px-4 py-3 rounded-xl font-medium transition-..."
-                               fdprocessedid="cuuks9"
                              >
                              <button
                                onClick={function onClick}
                                className="w-full flex items-center gap-3 px-4 py-3 rounded-xl font-medium transition-..."
-                               fdprocessedid="svwt9"
                              >
                              <button
                                onClick={function onClick}
                                className="w-full flex items-center gap-3 px-4 py-3 rounded-xl font-medium transition-..."
-                               fdprocessedid="sq5bfa"
                              >
                          <main className="flex-1 fle...">
                            <header className="h-20 px-4 ..." ref={{current:null}}>
                              <div>
                              <div className="flex items...">
                                <ThemeToggle>
                                  <div className="relative" ref={{current:null}}>
                                    <button
                                      aria-label={"Describe this button's action"}
                                      onClick={function ThemeProvider.useCallback[toggleTheme]}
                                      onContextMenu={function onContextMenu}
                                      className={"   h-10   w-10   rounded-xl   border   border-slate-300   dark:bord..."}
-                                     fdprocessedid="jx24xi"
                                    >
                                <button
                                  aria-label={"Describe this button's action"}
                                  onClick={function onClick}
                                  className="pl-1.5 pr-4 py-1.5 rounded-full transition-all shadow-sm flex items-cente..."
-                                 fdprocessedid="s1bmd5"
                                >
                                ...
                            <div className="flex-1 ove...">
                              <DashboardHub>
                                <div className="space-y-6 ...">
                                  <div className="flex gap-1...">
                                    <button
                                      onClick={function onClick}
                                      className="relative px-4 py-2 rounded-lg text-sm font-semibold transition-colors..."
-                                     fdprocessedid="zb79os"
                                    >
                                    <button
                                      onClick={function onClick}
                                      className="relative px-4 py-2 rounded-lg text-sm font-semibold transition-colors..."
-                                     fdprocessedid="36zxt"
                                    >
                                    <button
                                      onClick={function onClick}
                                      className="relative px-4 py-2 rounded-lg text-sm font-semibold transition-colors..."
-                                     fdprocessedid="wrq85"
                                    >
                                  ...
                                    <UnresolvedIssues issues={[...]}>
                                      <div className="bg-white/8...">
                                        <div>
                                        <div className="pt-4 borde...">
                                          <button
                                            className="text-xs font-semibold text-[#2E7BF6] dark:text-blue-400 hover:t..."
-                                           fdprocessedid="jac5sr"
                                          >
              ...
            ...
 
 GET / 200 in 245ms (next.js: 20ms, application-code: 226ms)
 GET / 200 in 192ms (next.js: 9ms, application-code: 182ms)
 GET / 200 in 396ms (next.js: 15ms, application-code: 381ms)
 GET / 200 in 239ms (next.js: 15ms, application-code: 224ms)
✓ Compiled in 3.2s
⨯ Error: useActiveOverlay must be used within ActiveOverlayProvider
    at useActiveOverlay (src\context\ActiveOverlayContext.tsx:47:19)
    at ReportModalProvider (src\context\ReportModalContext.tsx:15:61)
  45 | export function useActiveOverlay() {
  46 |   const ctx = useContext(ActiveOverlayContext);
> 47 |   if (!ctx) throw new Error('useActiveOverlay must be used within ActiveOverlayProvider');
     |                   ^
  48 |   return ctx;
  49 | }
  50 | {
  digest: '3900386385'
}
✓ Compiled in 2ms
⚠ Fast Refresh had to perform a full reload due to a runtime error.
 GET / 500 in 8.5s (next.js: 13ms, application-code: 8.5s)
⨯ Error: useActiveOverlay must be used within ActiveOverlayProvider
    at useActiveOverlay (src\context\ActiveOverlayContext.tsx:47:19)
    at ReportModalProvider (src\context\ReportModalContext.tsx:15:61)
  45 | export function useActiveOverlay() {
  46 |   const ctx = useContext(ActiveOverlayContext);
> 47 |   if (!ctx) throw new Error('useActiveOverlay must be used within ActiveOverlayProvider');
     |                   ^
  48 |   return ctx;
  49 | }
  50 | {
  digest: '1346741942'
}
 GET / 200 in 12.9s (next.js: 1932ms, application-code: 11.0s)
 GET / 200 in 2.1s (next.js: 1920ms, application-code: 185ms)
 GET / 200 in 3.9s (next.js: 1475ms, application-code: 2.4s)
 GET / 500 in 2.2s (next.js: 20ms, application-code: 2.2s)
✓ Compiled in 3s
⚠ Fast Refresh had to perform a full reload due to a runtime error.
 GET / 200 in 2.7s (next.js: 489ms, application-code: 2.2s)
 GET / 200 in 168ms (next.js: 6ms, application-code: 162ms)
[browser] A tree hydrated but some attributes of the server rendered HTML didn't match the client properties. This won't be patched up. This can happen if a SSR-ed Client Component used:

- A server/client branch `if (typeof window !== 'undefined')`.
- Variable input such as `Date.now()` or `Math.random()` which changes each time it's called.
- Date formatting in a user's locale which doesn't match the server.
- External changing data without sending a snapshot of it along with the HTML.
- Invalid HTML tag nesting.

It can also happen if the client has a browser extension installed which messes with the HTML before React loaded.

https://react.dev/link/hydration-mismatch

  ...
    <HTTPAccessFallbackBoundary notFound={{...}} forbidden={undefined} unauthorized={undefined}>
      <HTTPAccessFallbackErrorBoundary pathname="/" notFound={{...}} forbidden={undefined} unauthorized={undefined} ...>
        <RedirectBoundary>
          <RedirectErrorBoundary router={{...}}>
            <InnerLayoutRouter url="/" tree={[...]} params={{}} cacheNode={{rsc:{...}, ...}} segmentPath={[...]} ...>
              <SegmentViewNode type="page" pagePath="page.tsx">
                <SegmentTrieNode>
                <ClientPageRoot Component={function DashboardPage} serverProvidedParams={{...}}>
                  <DashboardPage params={Promise} searchParams={Promise}>
                    <div className="w-full h-a...">
                      <Layout currentUser="Rajat" activeTab="Dashboard" setActiveTab={function bound dispatchSetState}>
                        <div className="h-app-shel...">
                          <AquaScene>
                          <NightScene>
                          <AnimatePresence>
                          <aside className="w-64 h-ful..." style={undefined}>
                            <div>
                            <nav className="flex-1 px-...">
                              <button
                                onClick={function onClick}
                                className="w-full flex items-center gap-3 px-4 py-3 rounded-xl font-medium transition-..."
-                               fdprocessedid="31ivcu"
                              >
                              <button
                                onClick={function onClick}
                                className="w-full flex items-center gap-3 px-4 py-3 rounded-xl font-medium transition-..."
-                               fdprocessedid="pvv2j7"
                              >
                              <button
                                onClick={function onClick}
                                className="w-full flex items-center gap-3 px-4 py-3 rounded-xl font-medium transition-..."
-                               fdprocessedid="e0n17"
                              >
                              <button
                                onClick={function onClick}
                                className="w-full flex items-center gap-3 px-4 py-3 rounded-xl font-medium transition-..."
-                               fdprocessedid="lba1ix"
                              >
                              <button
                                onClick={function onClick}
                                className="w-full flex items-center gap-3 px-4 py-3 rounded-xl font-medium transition-..."
-                               fdprocessedid="90l4h"
                              >
                          <main className="flex-1 fle...">
                            <header className="h-20 px-4 ..." ref={{current:null}}>
                              <div>
                              <div className="flex items...">
                                <ThemeToggle>
                                  <div className="relative" ref={{current:null}}>
                                    <button
                                      aria-label={"Describe this button's action"}
                                      onClick={function ThemeProvider.useCallback[toggleTheme]}
                                      onContextMenu={function onContextMenu}
                                      className={"   h-10   w-10   rounded-xl   border   border-slate-300   dark:bord..."}
-                                     fdprocessedid="wfaoso"
                                    >
                                <button
                                  aria-label={"Describe this button's action"}
                                  onClick={function onClick}
                                  className="pl-1.5 pr-4 py-1.5 rounded-full transition-all shadow-sm flex items-cente..."
-                                 fdprocessedid="2iawun"
                                >
                                ...
                            <div className="flex-1 ove...">
                              <DashboardHub>
                                <div className="space-y-6 ...">
                                  <div className="flex gap-1...">
                                    <button
                                      onClick={function onClick}
                                      className="relative px-4 py-2 rounded-lg text-sm font-semibold transition-colors..."
-                                     fdprocessedid="rrr1ir"
                                    >
                                    <button
                                      onClick={function onClick}
                                      className="relative px-4 py-2 rounded-lg text-sm font-semibold transition-colors..."
-                                     fdprocessedid="j7049"
                                    >
                                    <button
                                      onClick={function onClick}
                                      className="relative px-4 py-2 rounded-lg text-sm font-semibold transition-colors..."
-                                     fdprocessedid="nz3op"
                                    >
                                  ...
                                    <UnresolvedIssues issues={[...]}>
                                      <div className="bg-white/8...">
                                        <div>
                                        <div className="pt-4 borde...">
                                          <button
                                            className="text-xs font-semibold text-[#2E7BF6] dark:text-blue-400 hover:t..."
-                                           fdprocessedid="lfyf1ep"
                                          >
              ...
            ...
 
 GET / 200 in 212ms (next.js: 10ms, application-code: 202ms)
 GET / 200 in 227ms (next.js: 9ms, application-code: 218ms)
 GET / 200 in 200ms (next.js: 5ms, application-code: 195ms)
